[    0.000000] Initializing cgroup subsys cpuset
[    0.000000] Initializing cgroup subsys cpu
[    0.000000] Initializing cgroup subsys cpuacct
[    0.000000] Linux version 4.4.0-57-generic (buildd@lgw01-54) (gcc version 5.4.0 20160609 (Ubuntu 5.4.0-6ubuntu1~16.04.4) ) #78-Ubuntu SMP Fri Dec 9 23:50:32 UTC 2016 (Ubuntu 4.4.0-57.78-generic 4.4.35)
[    0.000000] Command line: BOOT_IMAGE=/boot/vmlinuz-4.4.0-57-generic root=LABEL=cloudimg-rootfs ro console=tty1 console=ttyS0
[    0.000000] KERNEL supported cpus:
[    0.000000]   Intel GenuineIntel
[    0.000000]   AMD AuthenticAMD
[    0.000000]   Centaur CentaurHauls
[    0.000000] x86/fpu: xstate_offset[2]:  576, xstate_sizes[2]:  256
[    0.000000] x86/fpu: Supporting XSAVE feature 0x01: 'x87 floating point registers'
[    0.000000] x86/fpu: Supporting XSAVE feature 0x02: 'SSE registers'
[    0.000000] x86/fpu: Supporting XSAVE feature 0x04: 'AVX registers'
[    0.000000] x86/fpu: Enabled xstate features 0x7, context size is 832 bytes, using 'standard' format.
[    0.000000] x86/fpu: Using 'lazy' FPU context switches.
[    0.000000] e820: BIOS-provided physical RAM map:
[    0.000000] BIOS-e820: [mem 0x0000000000000000-0x000000000009fbff] usable
[    0.000000] BIOS-e820: [mem 0x000000000009fc00-0x000000000009ffff] reserved
[    0.000000] BIOS-e820: [mem 0x00000000000f0000-0x00000000000fffff] reserved
[    0.000000] BIOS-e820: [mem 0x0000000000100000-0x000000003ffeffff] usable
[    0.000000] BIOS-e820: [mem 0x000000003fff0000-0x000000003fffffff] ACPI data
[    0.000000] BIOS-e820: [mem 0x00000000fec00000-0x00000000fec00fff] reserved
[    0.000000] BIOS-e820: [mem 0x00000000fee00000-0x00000000fee00fff] reserved
[    0.000000] BIOS-e820: [mem 0x00000000fffc0000-0x00000000ffffffff] reserved
[    0.000000] NX (Execute Disable) protection: active
[    0.000000] SMBIOS 2.5 present.
[    0.000000] Hypervisor detected: KVM
[    0.000000] e820: last_pfn = 0x3fff0 max_arch_pfn = 0x400000000
[    0.000000] MTRR: Disabled
[    0.000000] x86/PAT: MTRRs disabled, skipping PAT initialization too.
[    0.000000] x86/PAT: Configuration [0-7]: WB  WT  UC- UC  WB  WT  UC- UC  
[    0.000000] CPU MTRRs all blank - virtualized system.
[    0.000000] found SMP MP-table at [mem 0x0009fff0-0x0009ffff] mapped at [ffff88000009fff0]
[    0.000000] Scanning 1 areas for low memory corruption
[    0.000000] RAMDISK: [mem 0x36b74000-0x375b1fff]
[    0.000000] ACPI: Early table checksum verification disabled
[    0.000000] ACPI: RSDP 0x00000000000E0000 000024 (v02 VBOX  )
[    0.000000] ACPI: XSDT 0x000000003FFF0030 00003C (v01 VBOX   VBOXXSDT 00000001 ASL  00000061)
[    0.000000] ACPI: FACP 0x000000003FFF00F0 0000F4 (v04 VBOX   VBOXFACP 00000001 ASL  00000061)
[    0.000000] ACPI: DSDT 0x000000003FFF0470 00210F (v01 VBOX   VBOXBIOS 00000002 INTL 20100528)
[    0.000000] ACPI: FACS 0x000000003FFF0200 000040
[    0.000000] ACPI: FACS 0x000000003FFF0200 000040
[    0.000000] ACPI: APIC 0x000000003FFF0240 00005C (v02 VBOX   VBOXAPIC 00000001 ASL  00000061)
[    0.000000] ACPI: SSDT 0x000000003FFF02A0 0001CC (v01 VBOX   VBOXCPUT 00000002 INTL 20100528)
[    0.000000] No NUMA configuration found
[    0.000000] Faking a node at [mem 0x0000000000000000-0x000000003ffeffff]
[    0.000000] NODE_DATA(0) allocated [mem 0x3ffeb000-0x3ffeffff]
[    0.000000] kvm-clock: Using msrs 4b564d01 and 4b564d00
[    0.000000] kvm-clock: cpu 0, msr 0:3ffe3001, primary cpu clock
[    0.000000] kvm-clock: using sched offset of 5013371758 cycles
[    0.000000] clocksource: kvm-clock: mask: 0xffffffffffffffff max_cycles: 0x1cd42e4dffb, max_idle_ns: 881590591483 ns
[    0.000000] Zone ranges:
[    0.000000]   DMA      [mem 0x0000000000001000-0x0000000000ffffff]
[    0.000000]   DMA32    [mem 0x0000000001000000-0x000000003ffeffff]
[    0.000000]   Normal   empty
[    0.000000]   Device   empty
[    0.000000] Movable zone start for each node
[    0.000000] Early memory node ranges
[    0.000000]   node   0: [mem 0x0000000000001000-0x000000000009efff]
[    0.000000]   node   0: [mem 0x0000000000100000-0x000000003ffeffff]
[    0.000000] Initmem setup node 0 [mem 0x0000000000001000-0x000000003ffeffff]
[    0.000000] ACPI: PM-Timer IO Port: 0x4008
[    0.000000] IOAPIC[0]: apic_id 2, version 32, address 0xfec00000, GSI 0-23
[    0.000000] ACPI: INT_SRC_OVR (bus 0 bus_irq 0 global_irq 2 dfl dfl)
[    0.000000] ACPI: INT_SRC_OVR (bus 0 bus_irq 9 global_irq 9 high level)
[    0.000000] Using ACPI (MADT) for SMP configuration information
[    0.000000] smpboot: Allowing 2 CPUs, 0 hotplug CPUs
[    0.000000] PM: Registered nosave memory: [mem 0x00000000-0x00000fff]
[    0.000000] PM: Registered nosave memory: [mem 0x0009f000-0x0009ffff]
[    0.000000] PM: Registered nosave memory: [mem 0x000a0000-0x000effff]
[    0.000000] PM: Registered nosave memory: [mem 0x000f0000-0x000fffff]
[    0.000000] e820: [mem 0x40000000-0xfebfffff] available for PCI devices
[    0.000000] Booting paravirtualized kernel on KVM
[    0.000000] clocksource: refined-jiffies: mask: 0xffffffff max_cycles: 0xffffffff, max_idle_ns: 7645519600211568 ns
[    0.000000] setup_percpu: NR_CPUS:512 nr_cpumask_bits:512 nr_cpu_ids:2 nr_node_ids:1
[    0.000000] PERCPU: Embedded 33 pages/cpu @ffff88003fc00000 s98264 r8192 d28712 u1048576
[    0.000000] PV qspinlock hash table entries: 256 (order: 0, 4096 bytes)
[    0.000000] Built 1 zonelists in Node order, mobility grouping on.  Total pages: 257913
[    0.000000] Policy zone: DMA32
[    0.000000] Kernel command line: BOOT_IMAGE=/boot/vmlinuz-4.4.0-57-generic root=LABEL=cloudimg-rootfs ro console=tty1 console=ttyS0
[    0.000000] PID hash table entries: 4096 (order: 3, 32768 bytes)
[    0.000000] Memory: 1002096K/1048120K available (8432K kernel code, 1291K rwdata, 3960K rodata, 1484K init, 1316K bss, 46024K reserved, 0K cma-reserved)
[    0.000000] SLUB: HWalign=64, Order=0-3, MinObjects=0, CPUs=2, Nodes=1
[    0.000000] Hierarchical RCU implementation.
[    0.000000] 	Build-time adjustment of leaf fanout to 64.
[    0.000000] 	RCU restricting CPUs from NR_CPUS=512 to nr_cpu_ids=2.
[    0.000000] RCU: Adjusting geometry for rcu_fanout_leaf=64, nr_cpu_ids=2
[    0.000000] NR_IRQS:33024 nr_irqs:440 16
[    0.000000] Console: colour VGA+ 80x25
[    0.000000] console [tty1] enabled
[    0.000000] console [ttyS0] enabled
[    0.000000] tsc: Detected 1796.629 MHz processor
[    0.000000] tsc: Marking TSC unstable due to TSCs unsynchronized
[    0.012000] Calibrating delay loop (skipped) preset value.. 3593.25 BogoMIPS (lpj=7186516)
[    0.016020] pid_max: default: 32768 minimum: 301
[    0.020036] ACPI: Core revision 20150930
[    0.030068] ACPI: 2 ACPI AML tables successfully acquired and loaded
[    0.036688] Security Framework initialized
[    0.040017] Yama: becoming mindful.
[    0.044056] AppArmor: AppArmor initialized
[    0.048221] Dentry cache hash table entries: 131072 (order: 8, 1048576 bytes)
[    0.052662] Inode-cache hash table entries: 65536 (order: 7, 524288 bytes)
[    0.060048] Mount-cache hash table entries: 2048 (order: 2, 16384 bytes)
[    0.064039] Mountpoint-cache hash table entries: 2048 (order: 2, 16384 bytes)
[    0.068306] Initializing cgroup subsys io
[    0.072027] Initializing cgroup subsys memory
[    0.076041] Initializing cgroup subsys devices
[    0.080030] Initializing cgroup subsys freezer
[    0.084035] Initializing cgroup subsys net_cls
[    0.088032] Initializing cgroup subsys perf_event
[    0.092031] Initializing cgroup subsys net_prio
[    0.096038] Initializing cgroup subsys hugetlb
[    0.100027] Initializing cgroup subsys pids
[    0.104277] CPU: Physical Processor ID: 0
[    0.108017] CPU: Processor Core ID: 0
[    0.121498] mce: CPU supports 0 MCE banks
[    0.124064] Last level iTLB entries: 4KB 512, 2MB 8, 4MB 4
[    0.128019] Last level dTLB entries: 4KB 512, 2MB 256, 4MB 128, 1GB 0
[    0.136721] Freeing SMP alternatives memory: 32K (ffffffff820b7000 - ffffffff820bf000)
[    0.160332] ftrace: allocating 32063 entries in 126 pages
[    0.180171] smpboot: APIC(0) Converting physical 0 to logical package 0
[    0.184022] smpboot: Max logical packages: 1
[    0.188660] x2apic enabled
[    0.192018] Switched APIC routing to physical x2apic.
[    0.200386] ..TIMER: vector=0x30 apic1=0 pin1=2 apic2=-1 pin2=-1
[    0.208000] smpboot: CPU0: AMD A6-6310 APU with AMD Radeon R4 Graphics (family: 0x16, model: 0x30, stepping: 0x1)
[    0.220028] Performance Events: Broken PMU hardware detected, using software events only.
[    0.228017] Failed to access perfctr msr (MSR c0010007 is 0)
[    0.232095] KVM setup paravirtual spinlock
[    0.241309] x86: Booting SMP configuration:
[    0.244018] .... node  #0, CPUs:      #1
[    0.012000] kvm-clock: cpu 1, msr 0:3ffe3041, secondary cpu clock
[    0.012000] mce: CPU supports 0 MCE banks
[    0.329538] x86: Booted up 1 node, 2 CPUs
[    0.332019] smpboot: Total of 2 processors activated (7186.51 BogoMIPS)
[    0.336764] devtmpfs: initialized
[    0.346741] evm: security.selinux
[    0.348017] evm: security.SMACK64
[    0.352012] evm: security.SMACK64EXEC
[    0.356011] evm: security.SMACK64TRANSMUTE
[    0.360016] evm: security.SMACK64MMAP
[    0.364014] evm: security.ima
[    0.368013] evm: security.capability
[    0.372245] clocksource: jiffies: mask: 0xffffffff max_cycles: 0xffffffff, max_idle_ns: 7645041785100000 ns
[    0.376217] pinctrl core: initialized pinctrl subsystem
[    0.380291] RTC time:  8:53:04, date: 01/05/17
[    0.384494] NET: Registered protocol family 16
[    0.404024] cpuidle: using governor ladder
[    0.420025] cpuidle: using governor menu
[    0.480024] PCCT header not found.
[    0.488601] ACPI: bus type PCI registered
[    0.512008] acpiphp: ACPI Hot Plug PCI Controller Driver version: 0.5
[    0.600059] PCI: Using configuration type 1 for base access
[    0.660010] PCI: Using configuration type 1 for extended access
[    0.720188] ACPI: Added _OSI(Module Device)
[    0.736008] ACPI: Added _OSI(Processor Device)
[    0.756007] ACPI: Added _OSI(3.0 _SCP Extensions)
[    0.784022] ACPI: Added _OSI(Processor Aggregator Device)
[    0.824099] ACPI: Executed 1 blocks of module-level executable AML code
[    0.838711] ACPI: Interpreter enabled
[    0.856031] ACPI: (supports S0 S5)
[    0.880009] ACPI: Using IOAPIC for interrupt routing
[    0.896548] PCI: Using host bridge windows from ACPI; if necessary, use "pci=nocrs" and report a bug
[    0.935135] ACPI: PCI Root Bridge [PCI0] (domain 0000 [bus 00-ff])
[    0.956035] acpi PNP0A03:00: _OSC: OS supports [ExtendedConfig ASPM ClockPM Segments MSI]
[    0.964041] acpi PNP0A03:00: _OSC failed (AE_NOT_FOUND); disabling ASPM
[    0.984763] PCI host bridge to bus 0000:00
[    0.992019] pci_bus 0000:00: root bus resource [io  0x0000-0x0cf7 window]
[    1.000022] pci_bus 0000:00: root bus resource [io  0x0d00-0xffff window]
[    1.032026] pci_bus 0000:00: root bus resource [mem 0x000a0000-0x000bffff window]
[    1.044019] pci_bus 0000:00: root bus resource [mem 0x40000000-0xffdfffff window]
[    1.060028] pci_bus 0000:00: root bus resource [bus 00-ff]
[    1.092714] pci 0000:00:01.1: legacy IDE quirk: reg 0x10: [io  0x01f0-0x01f7]
[    1.116017] pci 0000:00:01.1: legacy IDE quirk: reg 0x14: [io  0x03f6]
[    1.152018] pci 0000:00:01.1: legacy IDE quirk: reg 0x18: [io  0x0170-0x0177]
[    1.184019] pci 0000:00:01.1: legacy IDE quirk: reg 0x1c: [io  0x0376]
[    1.243154] pci 0000:00:07.0: quirk: [io  0x4000-0x403f] claimed by PIIX4 ACPI
[    1.264013] pci 0000:00:07.0: quirk: [io  0x4100-0x410f] claimed by PIIX4 SMB
[    1.295031] ACPI: PCI Interrupt Link [LNKA] (IRQs 5 9 10 *11)
[    1.329437] ACPI: PCI Interrupt Link [LNKB] (IRQs 5 9 10 *11)
[    1.353276] ACPI: PCI Interrupt Link [LNKC] (IRQs 5 9 *10 11)
[    1.394264] ACPI: PCI Interrupt Link [LNKD] (IRQs 5 *9 10 11)
[    1.420331] ACPI: Enabled 2 GPEs in block 00 to 07
[    1.440316] vgaarb: setting as boot device: PCI:0000:00:02.0
[    1.444000] vgaarb: device added: PCI:0000:00:02.0,decodes=io+mem,owns=io+mem,locks=none
[    1.468017] vgaarb: loaded
[    1.480017] vgaarb: bridge control possible 0000:00:02.0
[    1.516079] SCSI subsystem initialized
[    1.548139] ACPI: bus type USB registered
[    1.564081] usbcore: registered new interface driver usbfs
[    1.580027] usbcore: registered new interface driver hub
[    1.596095] usbcore: registered new device driver usb
[    1.640134] PCI: Using ACPI for IRQ routing
[    1.688647] NetLabel: Initializing
[    1.704013] NetLabel:  domain hash size = 128
[    1.744030] NetLabel:  protocols = UNLABELED CIPSOv4
[    1.760056] NetLabel:  unlabeled traffic allowed by default
[    1.780129] amd_nb: Cannot enumerate AMD northbridges
[    1.784075] clocksource: Switched to clocksource kvm-clock
[    1.849307] AppArmor: AppArmor Filesystem Enabled
[    1.860297] pnp: PnP ACPI init
[    1.894748] pnp: PnP ACPI: found 3 devices
[    1.955435] clocksource: acpi_pm: mask: 0xffffff max_cycles: 0xffffff, max_idle_ns: 2085701024 ns
[    2.002706] NET: Registered protocol family 2
[    2.025346] TCP established hash table entries: 8192 (order: 4, 65536 bytes)
[    2.062427] TCP bind hash table entries: 8192 (order: 5, 131072 bytes)
[    2.067160] TCP: Hash tables configured (established 8192 bind 8192)
[    2.092761] UDP hash table entries: 512 (order: 2, 16384 bytes)
[    2.115539] UDP-Lite hash table entries: 512 (order: 2, 16384 bytes)
[    2.131262] NET: Registered protocol family 1
[    2.145002] pci 0000:00:00.0: Limiting direct PCI/PCI transfers
[    2.160080] pci 0000:00:01.0: Activating ISA DMA hang workarounds
[    2.232611] Trying to unpack rootfs image as initramfs...
[    5.505429] Freeing initrd memory: 10488K (ffff880036b74000 - ffff8800375b2000)
[    5.526350] clocksource: tsc: mask: 0xffffffffffffffff max_cycles: 0x19e5b90921d, max_idle_ns: 440795205948 ns
[    5.528528] platform rtc_cmos: registered platform RTC device (no PNP device found)
[    5.528579] Scanning for low memory corruption every 60 seconds
[    5.529214] futex hash table entries: 512 (order: 3, 32768 bytes)
[    5.529255] audit: initializing netlink subsys (disabled)
[    5.529284] audit: type=2000 audit(1483606386.116:1): initialized
[    5.529780] Initialise system trusted keyring
[    5.530031] HugeTLB registered 2 MB page size, pre-allocated 0 pages
[    5.533190] zbud: loaded
[    5.533564] VFS: Disk quotas dquot_6.6.0
[    5.533626] VFS: Dquot-cache hash table entries: 512 (order 0, 4096 bytes)
[    5.534160] squashfs: version 4.0 (2009/01/31) Phillip Lougher
[    5.534659] fuse init (API version 7.23)
[    5.534941] Key type big_key registered
[    5.534971] Allocating IMA MOK and blacklist keyrings.
[    5.535641] Key type asymmetric registered
[    5.535645] Asymmetric key parser 'x509' registered
[    5.535715] Block layer SCSI generic (bsg) driver version 0.4 loaded (major 249)
[    5.535773] io scheduler noop registered
[    5.535777] io scheduler deadline registered (default)
[    5.535889] io scheduler cfq registered
[    5.536070] pci_hotplug: PCI Hot Plug PCI Core version: 0.5
[    5.536080] pciehp: PCI Express Hot Plug Controller Driver version: 0.4
[    5.536408] ACPI: AC Adapter [AC] (on-line)
[    5.536512] input: Power Button as /devices/LNXSYSTM:00/LNXPWRBN:00/input/input0
[    5.536518] ACPI: Power Button [PWRF]
[    5.536655] input: Sleep Button as /devices/LNXSYSTM:00/LNXSLPBN:00/input/input1
[    5.536658] ACPI: Sleep Button [SLPF]
[    5.536987] GHES: HEST is not enabled!
[    5.537155] Serial: 8250/16550 driver, 32 ports, IRQ sharing enabled
[    5.595200] 00:02: ttyS0 at I/O 0x3f8 (irq = 4, base_baud = 115200) is a 16550A
[    5.760319] Linux agpgart interface v0.103
[    6.017257] ACPI: Battery Slot [BAT0] (battery present)
[    6.021871] brd: module loaded
[    6.023686] loop: module loaded
[    6.024899] scsi host0: ata_piix
[    6.025060] scsi host1: ata_piix
[    6.025128] ata1: PATA max UDMA/33 cmd 0x1f0 ctl 0x3f6 bmdma 0xd000 irq 14
[    6.025129] ata2: PATA max UDMA/33 cmd 0x170 ctl 0x376 bmdma 0xd008 irq 15
[    6.025289] libphy: Fixed MDIO Bus: probed
[    6.025294] tun: Universal TUN/TAP device driver, 1.6
[    6.025294] tun: (C) 1999-2004 Max Krasnyansky <maxk@qualcomm.com>
[    6.025881] PPP generic driver version 2.4.2
[    6.026005] ehci_hcd: USB 2.0 'Enhanced' Host Controller (EHCI) Driver
[    6.026014] ehci-pci: EHCI PCI platform driver
[    6.026034] ehci-platform: EHCI generic platform driver
[    6.026049] ohci_hcd: USB 1.1 'Open' Host Controller (OHCI) Driver
[    6.026054] ohci-pci: OHCI PCI platform driver
[    6.026071] ohci-platform: OHCI generic platform driver
[    6.026085] uhci_hcd: USB Universal Host Controller Interface driver
[    6.026191] i8042: PNP: PS/2 Controller [PNP0303:PS2K,PNP0f03:PS2M] at 0x60,0x64 irq 1,12
[    6.068619] serio: i8042 KBD port at 0x60,0x64 irq 1
[    6.068633] serio: i8042 AUX port at 0x60,0x64 irq 12
[    6.068936] mousedev: PS/2 mouse device common for all mice
[    6.069628] rtc_cmos rtc_cmos: rtc core: registered rtc_cmos as rtc0
[    6.069753] rtc_cmos rtc_cmos: alarms up to one day, 114 bytes nvram
[    6.069764] i2c /dev entries driver
[    6.069867] device-mapper: uevent: version 1.0.3
[    6.070001] device-mapper: ioctl: 4.34.0-ioctl (2015-10-28) initialised: dm-devel@redhat.com
[    6.070027] ledtrig-cpu: registered to indicate activity on CPUs
[    6.070595] NET: Registered protocol family 10
[    6.070887] NET: Registered protocol family 17
[    6.070906] Key type dns_resolver registered
[    6.072212] microcode: CPU0: patch_level=0x06000626
[    6.158596] microcode: CPU1: patch_level=0x06000626
[    6.158713] microcode: Microcode Update Driver: v2.01 <tigran@aivazian.fsnet.co.uk>, Peter Oruba
[    6.158966] registered taskstats version 1
[    6.158989] Loading compiled-in X.509 certificates
[    6.160578] Loaded X.509 cert 'Build time autogenerated kernel key: a2268f7e4ca1e818c997a5071614f42c2a90855b'
[    6.160611] zswap: loaded using pool lzo/zbud
[    6.163549] Key type trusted registered
[    6.168877] Key type encrypted registered
[    6.168889] AppArmor: AppArmor sha1 policy hashing enabled
[    6.168894] ima: No TPM chip found, activating TPM-bypass!
[    6.168944] evm: HMAC attrs: 0x1
[    6.169491]   Magic number: 1:529:876
[    6.307211] rtc_cmos rtc_cmos: setting system clock to 2017-01-05 08:53:10 UTC (1483606390)
[    6.307718] BIOS EDD facility v0.16 2004-Jun-25, 0 devices found
[    6.307719] EDD information not available.
[    6.476782] input: AT Translated Set 2 keyboard as /devices/platform/i8042/serio0/input/input2
[   10.545026] Freeing unused kernel memory: 1484K (ffffffff81f44000 - ffffffff820b7000)
[   10.560814] Write protecting the kernel read-only data: 14336k
[   10.578116] Freeing unused kernel memory: 1796K (ffff88000183f000 - ffff880001a00000)
[   10.626564] Freeing unused kernel memory: 136K (ffff880001dde000 - ffff880001e00000)
Loading, please wait...
starting version[   10.689045] random: systemd-udevd: uninitialized urandom read (16 bytes read, 4 bits of entropy available)
 229
[   10.690472] random: udevadm: uninitialized urandom read (16 bytes read, 4 bits of entropy available)
[   10.690574] random: udevadm: uninitialized urandom read (16 bytes read, 4 bits of entropy available)
[   10.690951] random: udevadm: uninitialized urandom read (16 bytes read, 4 bits of entropy available)
[   10.691082] random: udevadm: uninitialized urandom read (16 bytes read, 4 bits of entropy available)
[   10.691231] random: udevadm: uninitialized urandom read (16 bytes read, 4 bits of entropy available)
[   10.691368] random: udevadm: uninitialized urandom read (16 bytes read, 4 bits of entropy available)
[   10.691490] random: udevadm: uninitialized urandom read (16 bytes read, 4 bits of entropy available)
[   10.691599] random: udevadm: uninitialized urandom read (16 bytes read, 4 bits of entropy available)
[   10.691736] random: udevadm: uninitialized urandom read (16 bytes read, 4 bits of entropy available)
[   11.514731] e1000: Intel(R) PRO/1000 Network Driver - version 7.3.21-k8-NAPI
[   11.514738] Fusion MPT base driver 3.04.20
[   11.514739] Copyright (c) 1999-2008 LSI Corporation
[   11.588109] e1000: Copyright (c) 1999-2006 Intel Corporation.
[   11.622618] Fusion MPT SPI Host driver 3.04.20
[   11.695409] AVX version of gcm_enc/dec engaged.
[   11.710323] AES CTR mode by8 optimization enabled
[   11.863681] input: ImExPS/2 Generic Explorer Mouse as /devices/platform/i8042/serio1/input/input4
[   12.165165] e1000 0000:00:03.0 eth0: (PCI:33MHz:32-bit) 02:a6:9f:fe:ad:64
[   12.230753] e1000 0000:00:03.0 eth0: Intel(R) PRO/1000 Network Connection
[   12.248388] mptbase: ioc0: Initiating bringup
[   12.249977] e1000 0000:00:03.0 enp0s3: renamed from eth0
[   12.368837] ioc0: LSI53C1030 A0: Capabilities={Initiator}
[   12.540999] scsi host2: ioc0: LSI53C1030 A0, FwRev=00000000h, Ports=1, MaxQ=256, IRQ=20
[   12.846256] scsi 2:0:0:0: Direct-Access     VBOX     HARDDISK         1.0  PQ: 0 ANSI: 5
[   12.908834] scsi target2:0:0: Beginning Domain Validation
[   12.932266] scsi target2:0:0: Domain Validation skipping write tests
[   12.973696] scsi target2:0:0: Ending Domain Validation
[   13.033282] scsi target2:0:0: asynchronous
[   13.087088] scsi 2:0:1:0: Direct-Access     VBOX     HARDDISK         1.0  PQ: 0 ANSI: 5
[   13.207971] scsi target2:0:1: Beginning Domain Validation
[   13.350050] scsi target2:0:1: Domain Validation skipping write tests
[   13.449333] scsi target2:0:1: Ending Domain Validation
[   13.498812] scsi target2:0:1: asynchronous
[   13.605652] sd 2:0:0:0: [sda] 20971520 512-byte logical blocks: (10.7 GB/10.0 GiB)
[   13.605720] sd 2:0:0:0: Attached scsi generic sg0 type 0
[   13.657037] sd 2:0:1:0: [sdb] 20480 512-byte logical blocks: (10.5 MB/10.0 MiB)
[   13.657319] sd 2:0:1:0: [sdb] Write Protect is off
[   13.657633] sd 2:0:1:0: [sdb] Incomplete mode parameter data
[   13.657636] sd 2:0:1:0: [sdb] Assuming drive cache: write through
[   13.657663] sd 2:0:1:0: Attached scsi generic sg1 type 0
[   13.680110] sd 2:0:1:0: [sdb] Attached SCSI disk
[   13.886254] sd 2:0:0:0: [sda] Write Protect is off
[   13.927920] sd 2:0:0:0: [sda] Incomplete mode parameter data
[   14.006130] sd 2:0:0:0: [sda] Assuming drive cache: write through
[   14.070469]  sda: sda1
[   14.122786] sd 2:0:0:0: [sda] Attached SCSI disk
[   14.608656] floppy0: no floppy controllers found
[   21.832675] mptscsih: ioc0: attempting task abort! (sc=ffff88003d8e5500)
[   21.981912] sd 2:0:0:0: [sda] tag#0 CDB: Inquiry 12 00 00 00 fe 00
[   22.122861] mptscsih: ioc0: task abort: FAILED (rv=2003) (sc=ffff88003d8e5500)
[   22.317918] mptscsih: ioc0: attempting target reset! (sc=ffff88003d8e5500)
[   22.357302] sd 2:0:0:0: [sda] tag#0 CDB: Inquiry 12 00 00 00 fe 00
[   22.488531] mptscsih: ioc0: target reset: SUCCESS (sc=ffff88003d8e5500)
Begin: Loading e[   24.420913] md: linear personality registered for level -1
ssential drivers ... [   24.445244] md: multipath personality registered for level -4
[   24.571615] md: raid0 personality registered for level 0
[   24.591242] md: raid1 personality registered for level 1
[   24.760325] raid6: sse2x1   gen()  1191 MB/s
[   24.852255] raid6: sse2x1   xor()  2118 MB/s
[   24.956346] raid6: sse2x2   gen()  1793 MB/s
[   25.104031] raid6: sse2x2   xor()  2454 MB/s
[   25.288421] raid6: sse2x4   gen()  2071 MB/s
[   25.456419] raid6: sse2x4   xor()  2972 MB/s
[   25.568857] raid6: using algorithm sse2x4 gen() 2071 MB/s
[   25.702959] raid6: .... xor() 2972 MB/s, rmw enabled
[   25.790835] raid6: using ssse3x2 recovery algorithm
[   25.898681] xor: automatically using best checksumming function:
[   25.968076]    avx       :  6368.000 MB/sec
[   25.999348] async_tx: api initialized (async)
[   26.054386] md: raid6 personality registered for level 6
[   26.120754] md: raid5 personality registered for level 5
[   26.142287] md: raid4 personality registered for level 4
[   26.201651] md: raid10 personality registered for level 10
done.
Begin: Running /scripts/init-premount ... done.
Begin: Mounting root file system ... Begin: Running /scripts/local-top ... done.
Begin: Running /scripts/local-premount ... [   26.388865] Btrfs loaded
Scanning for Btrfs filesystems
done.
Warning: fsck no[   26.599539] EXT4-fs (sda1): INFO: recovery required on readonly filesystem
t present, so sk[   26.637994] EXT4-fs (sda1): write access will be enabled during recovery
ipping root file system
[   26.819608] EXT4-fs (sda1): recovery complete
[   26.869069] EXT4-fs (sda1): mounted filesystem with ordered data mode. Opts: (null)
done.
Begin: Running /scripts/local-bottom ... done.
Begin: Running /scripts/init-bottom ... done.
[   27.257635] random: nonblocking pool is initialized
[   27.820463] systemd[1]: systemd 229 running in system mode. (+PAM +AUDIT +SELINUX +IMA +APPARMOR +SMACK +SYSVINIT +UTMP +LIBCRYPTSETUP +GCRYPT +GNUTLS +ACL +XZ -LZ4 +SECCOMP +BLKID +ELFUTILS +KMOD -IDN)
[   27.868246] systemd[1]: Detected virtualization oracle.
[   27.930500] systemd[1]: Detected architecture x86-64.

Welcome to [1mUbuntu 16.04.1 LTS[0m!

[   28.054204] systemd[1]: Set hostname to <ubuntu-xenial>.
[   58.856533] mptscsih: ioc0: attempting task abort! (sc=ffff8800377ebb00)
[   58.878400] sd 2:0:0:0: [sda] tag#2 CDB: Read(10) 28 00 00 07 35 b8 00 00 38 00
[   59.052517] mptscsih: ioc0: task abort: FAILED (rv=2003) (sc=ffff8800377ebb00)
[   59.074704] mptscsih: ioc0: attempting target reset! (sc=ffff8800377ebb00)
[   59.102001] sd 2:0:0:0: [sda] tag#2 CDB: Read(10) 28 00 00 07 35 b8 00 00 38 00
[   59.231603] mptscsih: ioc0: target reset: SUCCESS (sc=ffff8800377ebb00)
[   59.639959] systemd[1]: Listening on Syslog Socket.
[[0;32m  OK  [0m] Listening on Syslog Socket.
[   59.687948] systemd[1]: Reached target Swap.
[[0;32m  OK  [0m] Reached target Swap.
[   59.772546] systemd[1]: Listening on Journal Socket (/dev/log).
[[0;32m  OK  [0m] Listening on Journal Socket (/dev/log).
[   59.800756] systemd[1]: Listening on /dev/initctl Compatibility Named Pipe.
[[0;32m  OK  [0m] Listening on /dev/initctl Compatibility Named Pipe.
[   59.842267] systemd[1]: Listening on Journal Socket.
[[0;32m  OK  [0m] Listening on Journal Socket.
[   59.933246] systemd[1]: Reached target Encrypted Volumes.
[[0;32m  OK  [0m] Reached target Encrypted Volumes.
[   59.973384] systemd[1]: Listening on udev Control Socket.
[[0;32m  OK  [0m] Listening on udev Control Socket.
[   60.032714] systemd[1]: Listening on LVM2 poll daemon socket.
[[0;32m  OK  [0m] Listening on LVM2 poll daemon socket.
[   60.116980] systemd[1]: Listening on Device-mapper event daemon FIFOs.
[[0;32m  OK  [0m] Listening on Device-mapper event daemon FIFOs.
[   60.196589] systemd[1]: Listening on LVM2 metadata daemon socket.
[[0;32m  OK  [0m] Listening on LVM2 metadata daemon socket.
[   60.220673] systemd[1]: Listening on Journal Audit Socket.
[[0;32m  OK  [0m] Listening on Journal Audit Socket.
[   60.257274] systemd[1]: Created slice System Slice.
[[0;32m  OK  [0m] Created slice System Slice.
[   60.412596] systemd[1]: Starting Journal Service...
         Starting Journal Service...
[   60.471285] systemd[1]: Mounting Debug File System...
         Mounting Debug File System...
[   60.564584] systemd[1]: Starting Monitoring of LVM2 mirrors, snapshots etc. using dmeventd or progress polling...
         Starting Monitoring of LVM2 mirrors... dmeventd or progress polling...
[   60.640496] systemd[1]: Starting Set console keymap...
         Starting Set console keymap...
[   60.685682] systemd[1]: Starting Nameserver information manager...
         Starting Nameserver information manager...
[   60.732483] systemd[1]: Starting Remount Root and Kernel File Systems...
         Starting Remount Root and Kernel File Systems...
[   60.794518] systemd[1]: Reached target User and Group Name Lookups.
[[0;32m  OK  [0m] Reached target User and Group Name Lookups.
[   60.894798] systemd[1]: Started Forward Password Requests to Wall Directory Watch.
[[0;32m  OK  [0m] Started Forward Password Requests to Wall Directory Watch.
[   60.972723] systemd[1]: Starting Create list of required static device nodes for the current kernel...
[   61.084783] EXT4-fs (sda1): warning: mounting fs with errors, running e2fsck is recommended
         Startin[   61.161922] EXT4-fs (sda1): re-mounted. Opts: (null)
g Create list of required st... nodes for the current kernel...
[   61.195316] systemd[1]: Created slice User and Session Slice.
[[0;32m  OK  [0m] Created slice User and Session Slice.
[   61.248250] systemd[1]: Reached target Slices.
[[0;32m  OK  [0m] Reached target Slices.
[   61.288674] systemd[1]: Starting Uncomplicated firewall...
         Starting Uncomplicated firewall...
[   61.364547] systemd[1]: Mounting Huge Pages File System...
         Mounting Huge Pages File System...
[   61.548277] systemd[1]: Mounting POSIX Message Queue File System...
         Mounting POSIX Message Queue File System...
[   61.623860] systemd[1]: Created slice system-serial\x2dgetty.slice.
[[0;32m  OK  [0m] Created slice system-serial\x2dgetty.slice.
[   61.705662] systemd[1]: Set up automount Arbitrary Executable File Formats File System Automount Point.
[[0;32m  OK  [0m] Set up automount Arbitrary Executab...ats File System Automount Point.
[   61.816810] systemd[1]: Starting Load Kernel Modules...
         Starting Load Kernel Modules...
[   61.856835] systemd[1]: Listening on udev Kernel Socket.
[[0;32m  OK  [0m] Listening on udev Kernel Socket.
[   62.005920] Loading iSCSI transport class v2.0-870.
[   62.006725] systemd[1]: Mounted Huge Pages File System.
[[0;32m  OK  [0m] Mounted Huge Pages File System.
[   62.248278] iscsi: registered transport (tcp)
[   62.248573] systemd[1]: Mounted POSIX Message Queue File System.
[[0;32m  OK  [0m] Mounted POSIX Message Queue File System.
[   62.320878] systemd[1]: Mounted Debug File System.
[[0;32m  OK  [0m] Mounted Debug File System.
[   62.362736] systemd[1]: Started Journal Service.
[[0;32m  OK  [0m] Started Journal Service.
[[0;32m  OK  [0m] Started Set console keymap.
[   62.400470] iscsi: registered transport (iser)
[[0;32m  OK  [0m] Started Remount Root and Kernel File Systems.
[[0;32m  OK  [0m] Started Create list of required sta...ce nodes for the current kernel.
[[0;32m  OK  [0m] Started Uncomplicated firewall.
[[0;32m  OK  [0m] Started Load Kernel Modules.
[[0;32m  OK  [0m] Started Nameserver information manager.
[[0;32m  OK  [0m] Started LVM2 metadata daemon.
         Mounting FUSE Control File System...
         Starting Apply Kernel Variables...
         Starting Create Static Device Nodes in /dev...
         Starting Load/Save Random Seed...
         Starting udev Coldplug all Devices...
         Starting Initial cloud-init job (pre-networking)...
         Starting Flush Journal to Persistent Storage...
[[0;32m  OK  [0m] Mounted FUSE Control File System.
[[0;32m  OK  [0m] Started Load/Save Random Seed.
[[0;32m  OK  [0m] Started Apply Kernel Variables.
[[0;32m  OK  [0m] Started udev Coldplug all Devices.
[[0;32m  OK  [0m] Started Flush Journal to Persistent Storage.
[[0;32m  OK  [0m] Started Monitoring of LVM2 mirrors,...ng dmeventd or progress polling.
[[0;32m  OK  [0m] Started Create Static Device Nodes in /dev.
         Starting udev Kernel Device Manager...
[[0;32m  OK  [0m] Started udev Kernel Device Manager.
[[0;32m  OK  [0m] Started Dispatch Password Requests to Console Directory Watch.
[[0;32m  OK  [0m] Reached target Local File Systems (Pre).
[[0;32m  OK  [0m] Reached target Local File Systems.
         Starting Create Volatile Files and Directories...
         Starting Set console font and keymap...
         Starting LSB: AppArmor initialization...
         Starting Tell Plymouth To Write Out Runtime Data...
[[0;32m  OK  [0m] Started Create Volatile Files and Directories.
         Starting Update UTMP about System Boot/Shutdown...
[[0;32m  OK  [0m] Reached target System Time Synchronized.
[[0;32m  OK  [0m] Started Tell Plymouth To Write Out Runtime Data.
[[0;32m  OK  [0m] Found device /dev/ttyS0.
[[0;32m  OK  [0m] Started Update UTMP about System Boot/Shutdown.
[[0;32m  OK  [0m] Found device 82540EM Gigabit Ethern...r (PRO/1000 MT Desktop Adapter).
[[0;32m  OK  [0m] Started Set console font and keymap.
[[0;32m  OK  [0m] Created slice system-getty.slice.
[[0;32m  OK  [0m] Started LSB: AppArmor initialization.
[[0;32m  OK  [0m] Listening on Load/Save RF Kill Switch Status /dev/rfkill Watch.
[   71.654484] cloud-init[470]: Cloud-init v. 0.7.8 running 'init-local' at Thu, 05 Jan 2017 08:54:14 +0000. Up 70.46 seconds.
[[0;32m  OK  [0m] Started Initial cloud-init job (pre-networking).
[[0;32m  OK  [0m] Reached target Network (Pre).
         Starting Raise network interfaces...
[[0;32m  OK  [0m] Started ifup for enp0s3.
[[0;32m  OK  [0m] Started Raise network interfaces.
[[0;32m  OK  [0m] Reached target Network.
         Starting Initial cloud-init job (metadata service crawler)...
[   74.887944] cloud-init[1082]: Cloud-init v. 0.7.8 running 'init' at Thu, 05 Jan 2017 08:54:17 +0000. Up 73.53 seconds.
[   74.917446] cloud-init[1082]: ci-info: +++++++++++++++++++++++++++++++++++++Net device info++++++++++++++++++++++++++++++++++++++
[   74.981332] cloud-init[1082]: ci-info: +--------+------+----------------------------+---------------+-------+-------------------+
[   75.000093] cloud-init[1082]: ci-info: | Device |  Up  |          Address           |      Mask     | Scope |     Hw-Address    |
[   75.076840] [cloud-init[0;32m  OK  [0m[1082]: ] ci-info: +--------+------+----------------------------+---------------+-------+-------------------+Started Initial cloud-init job (metadata service crawler).

[   75.077707] cloud-init[1082]: ci-info: |   lo   | True |         127.0.0.1          |   255.0.0.0   |   .   |         .         |
[   75.148871] cloud-init[1082]: ci-info: |   lo   | True |          ::1/128           |       .       |  host |         .         |
[   75.149402] cloud-init[1082]: ci-info: | enp0s3 | True |         10.0.2.15          | 255.255.255.0 |   .   | 02:a6:9f:fe:ad:64 |
[[0;32m  OK  [0m] Reached target Cloud-config availability.
[   75.149701] [cloud-init[0;32m  OK  [0m[1082]: ] ci-info: | enp0s3 | True | fe80::a6:9fff:fefe:ad64/64 |       .       |  link | 02:a6:9f:fe:ad:64 |Reached target System Initialization.

[   75.311020]          cloud-initStarting Socket activation for snappy daemon.[1082]: 
ci-info: +--------+------+----------------------------+---------------+-------+-------------------+
[   75.365804] [cloud-init[0;32m  OK  [0m[1082]: ] ci-info: +++++++++++++++++++++++++++Route IPv4 info++++++++++++++++++++++++++++Started Daily apt activities.

         Starting LXD - unix socket.
[[0;32m  OK  [0m] Started Timer to automatically refresh installed snaps.
[[0;32m  OK  [0m] Listening on D-Bus System Message Bus Socket.
[   75.367726] cloud-init[1082]: ci-info: +-------+-------------+----------+---------------+-----------+-------+
[   75.561632] cloud-init[1082]: ci-info: | Route | Destination | Gateway  |    Genmask    | Interface | Flags |
[   75.562924] cloud-init[1082]: ci-info: +-------+-------------+----------+---------------+-----------+-------+
[[0;32m  OK  [0m] Started ACPI Events Check.
[   75.563588] cloud-init[1082]: ci-info: |   0   |   0.0.0.0   | 10.0.2.2 |    0.0.0.0    |   enp0s3  |   UG  |
[   75.663035] cloud-init[1082]: ci-info: |   1   |   10.0.2.0  | 0.0.0.0  | 255.255.255.0 |   enp0s3  |   U   |
[[0;32m  OK  [0m] Listening on UUID daemon activation socket.
[   75.663502] cloud-init[1082]: ci-info: +-------+-------------+----------+---------------+-----------+-------+
[[0;32m  OK  [0m] Started Trigger resolvconf update for networkd DNS.
[[0;32m  OK  [0m] Reached target Paths.
[[0;32m  OK  [0m] Started Daily Cleanup of Temporary Directories.
[[0;32m  OK  [0m] Reached target Timers.
[[0;32m  OK  [0m] Listening on ACPID Listen Socket.
[[0;32m  OK  [0m] Reached target Network is Online.
         Starting iSCSI initiator daemon (iscsid)...
[[0;32m  OK  [0m] Listening on Socket activation for snappy daemon.
[[0;32m  OK  [0m] Listening on LXD - unix socket.
[[0;32m  OK  [0m] Reached target Sockets.
[[0;32m  OK  [0m] Reached target Basic System.
         Starting LXD - container startup/shutdown...
         Starting Accounts Service...
         Starting Login Service...
[[0;32m  OK  [0m] Started Regular background program processing daemon.
         Starting OpenBSD Secure Shell server...
         Starting System Logging Service...
[[0;32m  OK  [0m] Started Deferred execution scheduler.
[[0;32m  OK  [0m] Started ACPI event daemon.
         Starting LSB: Record successful boot for GRUB...
[[0;32m  OK  [0m] Started FUSE filesystem for LXC.
[[0;32m  OK  [0m] Started D-Bus System Message Bus.
         Starting /etc/rc.local Compatibility...
         Starting LSB: MD monitoring daemon...
         Starting Apply the settings specified in cloud-config...
         Starting Daily apt activities...
[[0;32m  OK  [0m] Started Snappy daemon.
         Starting Auto import assertions from block devices...
[[0;32m  OK  [0m] Started System Logging Service.
[[0;32m  OK  [0m] Started OpenBSD Secure Shell server.
[[0;32m  OK  [0m] Started iSCSI initiator daemon (iscsid).
[[0;32m  OK  [0m] Started /etc/rc.local Compatibility.
[[0;32m  OK  [0m] Started Auto import assertions from block devices.
[[0;32m  OK  [0m] Started Login Service.
         Starting Authenticate and Authorize Users to Run Privileged Tasks...
         Starting Login to default iSCSI targets...
[[0;32m  OK  [0m] Started LSB: MD monitoring daemon.
[[0;32m  OK  [0m] Started LSB: Record successful boot for GRUB.
[[0;32m  OK  [0m] Started Login to default iSCSI targets.
[[0;32m  OK  [0m] Reached target Remote File Systems (Pre).
[[0;32m  OK  [0m] Reached target Remote File Systems.
         Starting LSB: daemon to balance interrupts for SMP systems...
         Starting LSB: Set the CPU Frequency Scaling governor to "ondemand"...
         Starting LSB: VirtualBox Linux Additions...
         Starting LSB: automatic crash report generation...
         Starting Permit User Sessions...
[[0;32m  OK  [0m] Started LSB: Set the CPU Frequency Scaling governor to "ondemand".
[[0;32m  OK  [0m] Started Permit User Sessions.
         Starting Terminate Plymouth Boot Screen...
         Starting Hold until boot process finishes up...
[[0;32m  OK  [0m] Started Terminate Plymouth Boot Screen.
[[0;32m  OK  [0m] Started Hold until boot process finishes up.
[[0;32m  OK  [0m] Started Getty on tty1.
         Starting Set console scheme...
[[0;32m  OK  [0m] Started Serial Getty on ttyS0.
[[0;32m  OK  [0m] Reached target Login Prompts.
[[0;32m  OK  [0m] Started LSB: daemon to balance interrupts for SMP systems.
[[0;32m  OK  [0m] Started Set console scheme.
[[0;32m  OK  [0m] Started Authenticate and Authorize Users to Run Privileged Tasks.
[[0;32m  OK  [0m] Started Accounts Service.
[[0;32m  OK  [0m] Started LSB: automatic crash report generation.
[   80.595408] cloud-init[1184]: Cloud-init v. 0.7.8 running 'modules:config' at Thu, 05 Jan 2017 08:54:23 +0000. Up 79.64 seconds.
[[0;32m  OK  [0m] Started Apply the settings specified in cloud-config.
[[0;32m  OK  [0m] Started LXD - container startup/shutdown.
[[0;32m  OK  [0m] Started LSB: VirtualBox Linux Additions.
[[0;32m  OK  [0m] Reached target Multi-User System.
         Starting Execute cloud user/final scripts...
[[0;32m  OK  [0m] Reached target Graphical Interface.
         Starting Update UTMP about System Runlevel Changes...
[[0;32m  OK  [0m] Started Update UTMP about System Runlevel Changes.
[[0;32m  OK  [0m] Created slice User Slice of ubuntu.
         Starting User Manager for UID 1000...
[[0;32m  OK  [0m] Started Session 1 of user ubuntu.
[[0;32m  OK  [0m] Started User Manager for UID 1000.
[   83.771357] cloud-init[1329]: Cloud-init v. 0.7.8 running 'modules:final' at Thu, 05 Jan 2017 08:54:26 +0000. Up 82.39 seconds.
[   83.791930] cloud-init[1329]: Cloud-init v. 0.7.8 finished at Thu, 05 Jan 2017 08:54:28 +0000. Datasource DataSourceNoCloud [seed=/dev/sdb][dsmode=net].  Up 83.74 seconds
[[0;32m  OK  [0m] Started Execute cloud user/final scripts.
[[0;32m  OK  [0m] Reached target Cloud-init target.

Ubuntu 16.04.1 LTS ubuntu-xenial ttyS0

ubuntu-xenial login: [ 1359.016174] EXT4-fs error (device sda1): ext4_find_dest_de:1808: inode #256081: block 526318: comm dpkg: bad entry in directory: rec_len % 4 != 0 - offset=0(0), inode=718384, rec_len=59197, name_len=4
[ 1471.964900] EXT4-fs error (device sda1): ext4_find_dest_de:1808: inode #256081: block 526318: comm dpkg: bad entry in directory: rec_len % 4 != 0 - offset=0(0), inode=718384, rec_len=59197, name_len=4
[ 2549.220571] EXT4-fs error (device sda1): ext4_find_dest_de:1808: inode #256081: block 526318: comm dpkg: bad entry in directory: rec_len % 4 != 0 - offset=0(0), inode=718384, rec_len=59197, name_len=4
